<?xml version="1.0" encoding="ISO-8859-1" ?>
<link_info>
   <banner>TI ARM Linker PC v20.2.7.LTS</banner>
   <copyright>Copyright (c) 1996-2018 Texas Instruments Incorporated</copyright>
   <link_time>0x67d49643</link_time>
   <link_errors>0x0</link_errors>
   <output_file>ARM_Final_Project_2.out</output_file>
   <entry_point>
      <name>_c_int00_noargs</name>
      <address>0x1979</address>
   </entry_point>
   <input_file_list>
      <input_file id="fl-2">
         <path>.\</path>
         <kind>object</kind>
         <file>NVIC.obj</file>
         <name>NVIC.obj</name>
      </input_file>
      <input_file id="fl-3">
         <path>.\</path>
         <kind>object</kind>
         <file>main.obj</file>
         <name>main.obj</name>
      </input_file>
      <input_file id="fl-4">
         <path>.\</path>
         <kind>object</kind>
         <file>systick.obj</file>
         <name>systick.obj</name>
      </input_file>
      <input_file id="fl-5">
         <path>.\</path>
         <kind>object</kind>
         <file>tm4c123gh6pm_startup_ccs.obj</file>
         <name>tm4c123gh6pm_startup_ccs.obj</name>
      </input_file>
      <input_file id="fl-9">
         <kind>object</kind>
         <file>&lt;internal&gt;</file>
         <name>&lt;internal&gt;</name>
      </input_file>
      <input_file id="fl-bf">
         <path>D:\Edges Advanced Embedded Diploma\ccs\tools\compiler\ti-cgt-arm_20.2.7.LTS\lib\</path>
         <kind>archive</kind>
         <file>rtsv7M4_T_le_v4SPD16_eabi.lib</file>
         <name>copy_zero_init.c.obj</name>
      </input_file>
      <input_file id="fl-c0">
         <path>D:\Edges Advanced Embedded Diploma\ccs\tools\compiler\ti-cgt-arm_20.2.7.LTS\lib\</path>
         <kind>archive</kind>
         <file>rtsv7M4_T_le_v4SPD16_eabi.lib</file>
         <name>copy_decompress_none.c.obj</name>
      </input_file>
      <input_file id="fl-c1">
         <path>D:\Edges Advanced Embedded Diploma\ccs\tools\compiler\ti-cgt-arm_20.2.7.LTS\lib\</path>
         <kind>archive</kind>
         <file>rtsv7M4_T_le_v4SPD16_eabi.lib</file>
         <name>copy_decompress_lzss.c.obj</name>
      </input_file>
      <input_file id="fl-c2">
         <path>D:\Edges Advanced Embedded Diploma\ccs\tools\compiler\ti-cgt-arm_20.2.7.LTS\lib\</path>
         <kind>archive</kind>
         <file>rtsv7M4_T_le_v4SPD16_eabi.lib</file>
         <name>assert.c.obj</name>
      </input_file>
      <input_file id="fl-c3">
         <path>D:\Edges Advanced Embedded Diploma\ccs\tools\compiler\ti-cgt-arm_20.2.7.LTS\lib\</path>
         <kind>archive</kind>
         <file>rtsv7M4_T_le_v4SPD16_eabi.lib</file>
         <name>defs.c.obj</name>
      </input_file>
      <input_file id="fl-c4">
         <path>D:\Edges Advanced Embedded Diploma\ccs\tools\compiler\ti-cgt-arm_20.2.7.LTS\lib\</path>
         <kind>archive</kind>
         <file>rtsv7M4_T_le_v4SPD16_eabi.lib</file>
         <name>boot_cortex_m.c.obj</name>
      </input_file>
      <input_file id="fl-c5">
         <path>D:\Edges Advanced Embedded Diploma\ccs\tools\compiler\ti-cgt-arm_20.2.7.LTS\lib\</path>
         <kind>archive</kind>
         <file>rtsv7M4_T_le_v4SPD16_eabi.lib</file>
         <name>fflush.c.obj</name>
      </input_file>
      <input_file id="fl-c6">
         <path>D:\Edges Advanced Embedded Diploma\ccs\tools\compiler\ti-cgt-arm_20.2.7.LTS\lib\</path>
         <kind>archive</kind>
         <file>rtsv7M4_T_le_v4SPD16_eabi.lib</file>
         <name>fputs.c.obj</name>
      </input_file>
      <input_file id="fl-c7">
         <path>D:\Edges Advanced Embedded Diploma\ccs\tools\compiler\ti-cgt-arm_20.2.7.LTS\lib\</path>
         <kind>archive</kind>
         <file>rtsv7M4_T_le_v4SPD16_eabi.lib</file>
         <name>_io_perm.c.obj</name>
      </input_file>
      <input_file id="fl-c8">
         <path>D:\Edges Advanced Embedded Diploma\ccs\tools\compiler\ti-cgt-arm_20.2.7.LTS\lib\</path>
         <kind>archive</kind>
         <file>rtsv7M4_T_le_v4SPD16_eabi.lib</file>
         <name>setvbuf.c.obj</name>
      </input_file>
      <input_file id="fl-c9">
         <path>D:\Edges Advanced Embedded Diploma\ccs\tools\compiler\ti-cgt-arm_20.2.7.LTS\lib\</path>
         <kind>archive</kind>
         <file>rtsv7M4_T_le_v4SPD16_eabi.lib</file>
         <name>memcpy_t2.asm.obj</name>
      </input_file>
      <input_file id="fl-ca">
         <path>D:\Edges Advanced Embedded Diploma\ccs\tools\compiler\ti-cgt-arm_20.2.7.LTS\lib\</path>
         <kind>archive</kind>
         <file>rtsv7M4_T_le_v4SPD16_eabi.lib</file>
         <name>memset_t2.asm.obj</name>
      </input_file>
      <input_file id="fl-cb">
         <path>D:\Edges Advanced Embedded Diploma\ccs\tools\compiler\ti-cgt-arm_20.2.7.LTS\lib\</path>
         <kind>archive</kind>
         <file>rtsv7M4_T_le_v4SPD16_eabi.lib</file>
         <name>autoinit.c.obj</name>
      </input_file>
      <input_file id="fl-cc">
         <path>D:\Edges Advanced Embedded Diploma\ccs\tools\compiler\ti-cgt-arm_20.2.7.LTS\lib\</path>
         <kind>archive</kind>
         <file>rtsv7M4_T_le_v4SPD16_eabi.lib</file>
         <name>pre_init.c.obj</name>
      </input_file>
      <input_file id="fl-cd">
         <path>D:\Edges Advanced Embedded Diploma\ccs\tools\compiler\ti-cgt-arm_20.2.7.LTS\lib\</path>
         <kind>archive</kind>
         <file>rtsv7M4_T_le_v4SPD16_eabi.lib</file>
         <name>cpy_tbl.c.obj</name>
      </input_file>
      <input_file id="fl-ce">
         <path>D:\Edges Advanced Embedded Diploma\ccs\tools\compiler\ti-cgt-arm_20.2.7.LTS\lib\</path>
         <kind>archive</kind>
         <file>rtsv7M4_T_le_v4SPD16_eabi.lib</file>
         <name>exit.c.obj</name>
      </input_file>
      <input_file id="fl-cf">
         <path>D:\Edges Advanced Embedded Diploma\ccs\tools\compiler\ti-cgt-arm_20.2.7.LTS\lib\</path>
         <kind>archive</kind>
         <file>rtsv7M4_T_le_v4SPD16_eabi.lib</file>
         <name>_lock.c.obj</name>
      </input_file>
      <input_file id="fl-d0">
         <path>D:\Edges Advanced Embedded Diploma\ccs\tools\compiler\ti-cgt-arm_20.2.7.LTS\lib\</path>
         <kind>archive</kind>
         <file>rtsv7M4_T_le_v4SPD16_eabi.lib</file>
         <name>args_main.c.obj</name>
      </input_file>
      <input_file id="fl-d1">
         <path>D:\Edges Advanced Embedded Diploma\ccs\tools\compiler\ti-cgt-arm_20.2.7.LTS\lib\</path>
         <kind>archive</kind>
         <file>rtsv7M4_T_le_v4SPD16_eabi.lib</file>
         <name>memchr.c.obj</name>
      </input_file>
      <input_file id="fl-d2">
         <path>D:\Edges Advanced Embedded Diploma\ccs\tools\compiler\ti-cgt-arm_20.2.7.LTS\lib\</path>
         <kind>archive</kind>
         <file>rtsv7M4_T_le_v4SPD16_eabi.lib</file>
         <name>memory.c.obj</name>
      </input_file>
      <input_file id="fl-d3">
         <path>D:\Edges Advanced Embedded Diploma\ccs\tools\compiler\ti-cgt-arm_20.2.7.LTS\lib\</path>
         <kind>archive</kind>
         <file>rtsv7M4_T_le_v4SPD16_eabi.lib</file>
         <name>strlen.c.obj</name>
      </input_file>
      <input_file id="fl-d4">
         <path>D:\Edges Advanced Embedded Diploma\ccs\tools\compiler\ti-cgt-arm_20.2.7.LTS\lib\</path>
         <kind>archive</kind>
         <file>rtsv7M4_T_le_v4SPD16_eabi.lib</file>
         <name>write.c.obj</name>
      </input_file>
      <input_file id="fl-d5">
         <path>D:\Edges Advanced Embedded Diploma\ccs\tools\compiler\ti-cgt-arm_20.2.7.LTS\lib\</path>
         <kind>archive</kind>
         <file>rtsv7M4_T_le_v4SPD16_eabi.lib</file>
         <name>host_device.c.obj</name>
      </input_file>
      <input_file id="fl-d6">
         <path>D:\Edges Advanced Embedded Diploma\ccs\tools\compiler\ti-cgt-arm_20.2.7.LTS\lib\</path>
         <kind>archive</kind>
         <file>rtsv7M4_T_le_v4SPD16_eabi.lib</file>
         <name>fopen.c.obj</name>
      </input_file>
      <input_file id="fl-d7">
         <path>D:\Edges Advanced Embedded Diploma\ccs\tools\compiler\ti-cgt-arm_20.2.7.LTS\lib\</path>
         <kind>archive</kind>
         <file>rtsv7M4_T_le_v4SPD16_eabi.lib</file>
         <name>fseek.c.obj</name>
      </input_file>
      <input_file id="fl-d8">
         <path>D:\Edges Advanced Embedded Diploma\ccs\tools\compiler\ti-cgt-arm_20.2.7.LTS\lib\</path>
         <kind>archive</kind>
         <file>rtsv7M4_T_le_v4SPD16_eabi.lib</file>
         <name>hostclose.c.obj</name>
      </input_file>
      <input_file id="fl-d9">
         <path>D:\Edges Advanced Embedded Diploma\ccs\tools\compiler\ti-cgt-arm_20.2.7.LTS\lib\</path>
         <kind>archive</kind>
         <file>rtsv7M4_T_le_v4SPD16_eabi.lib</file>
         <name>hostlseek.c.obj</name>
      </input_file>
      <input_file id="fl-da">
         <path>D:\Edges Advanced Embedded Diploma\ccs\tools\compiler\ti-cgt-arm_20.2.7.LTS\lib\</path>
         <kind>archive</kind>
         <file>rtsv7M4_T_le_v4SPD16_eabi.lib</file>
         <name>hostopen.c.obj</name>
      </input_file>
      <input_file id="fl-db">
         <path>D:\Edges Advanced Embedded Diploma\ccs\tools\compiler\ti-cgt-arm_20.2.7.LTS\lib\</path>
         <kind>archive</kind>
         <file>rtsv7M4_T_le_v4SPD16_eabi.lib</file>
         <name>hostread.c.obj</name>
      </input_file>
      <input_file id="fl-dc">
         <path>D:\Edges Advanced Embedded Diploma\ccs\tools\compiler\ti-cgt-arm_20.2.7.LTS\lib\</path>
         <kind>archive</kind>
         <file>rtsv7M4_T_le_v4SPD16_eabi.lib</file>
         <name>hostrename.c.obj</name>
      </input_file>
      <input_file id="fl-dd">
         <path>D:\Edges Advanced Embedded Diploma\ccs\tools\compiler\ti-cgt-arm_20.2.7.LTS\lib\</path>
         <kind>archive</kind>
         <file>rtsv7M4_T_le_v4SPD16_eabi.lib</file>
         <name>hostunlink.c.obj</name>
      </input_file>
      <input_file id="fl-de">
         <path>D:\Edges Advanced Embedded Diploma\ccs\tools\compiler\ti-cgt-arm_20.2.7.LTS\lib\</path>
         <kind>archive</kind>
         <file>rtsv7M4_T_le_v4SPD16_eabi.lib</file>
         <name>hostwrite.c.obj</name>
      </input_file>
      <input_file id="fl-df">
         <path>D:\Edges Advanced Embedded Diploma\ccs\tools\compiler\ti-cgt-arm_20.2.7.LTS\lib\</path>
         <kind>archive</kind>
         <file>rtsv7M4_T_le_v4SPD16_eabi.lib</file>
         <name>trgmsg.c.obj</name>
      </input_file>
      <input_file id="fl-e0">
         <path>D:\Edges Advanced Embedded Diploma\ccs\tools\compiler\ti-cgt-arm_20.2.7.LTS\lib\</path>
         <kind>archive</kind>
         <file>rtsv7M4_T_le_v4SPD16_eabi.lib</file>
         <name>open.c.obj</name>
      </input_file>
      <input_file id="fl-e1">
         <path>D:\Edges Advanced Embedded Diploma\ccs\tools\compiler\ti-cgt-arm_20.2.7.LTS\lib\</path>
         <kind>archive</kind>
         <file>rtsv7M4_T_le_v4SPD16_eabi.lib</file>
         <name>lseek.c.obj</name>
      </input_file>
      <input_file id="fl-e2">
         <path>D:\Edges Advanced Embedded Diploma\ccs\tools\compiler\ti-cgt-arm_20.2.7.LTS\lib\</path>
         <kind>archive</kind>
         <file>rtsv7M4_T_le_v4SPD16_eabi.lib</file>
         <name>fclose.c.obj</name>
      </input_file>
      <input_file id="fl-e3">
         <path>D:\Edges Advanced Embedded Diploma\ccs\tools\compiler\ti-cgt-arm_20.2.7.LTS\lib\</path>
         <kind>archive</kind>
         <file>rtsv7M4_T_le_v4SPD16_eabi.lib</file>
         <name>getdevice.c.obj</name>
      </input_file>
      <input_file id="fl-e4">
         <path>D:\Edges Advanced Embedded Diploma\ccs\tools\compiler\ti-cgt-arm_20.2.7.LTS\lib\</path>
         <kind>archive</kind>
         <file>rtsv7M4_T_le_v4SPD16_eabi.lib</file>
         <name>strchr.c.obj</name>
      </input_file>
      <input_file id="fl-e5">
         <path>D:\Edges Advanced Embedded Diploma\ccs\tools\compiler\ti-cgt-arm_20.2.7.LTS\lib\</path>
         <kind>archive</kind>
         <file>rtsv7M4_T_le_v4SPD16_eabi.lib</file>
         <name>strcmp.c.obj</name>
      </input_file>
      <input_file id="fl-e6">
         <path>D:\Edges Advanced Embedded Diploma\ccs\tools\compiler\ti-cgt-arm_20.2.7.LTS\lib\</path>
         <kind>archive</kind>
         <file>rtsv7M4_T_le_v4SPD16_eabi.lib</file>
         <name>strcpy.c.obj</name>
      </input_file>
      <input_file id="fl-e7">
         <path>D:\Edges Advanced Embedded Diploma\ccs\tools\compiler\ti-cgt-arm_20.2.7.LTS\lib\</path>
         <kind>archive</kind>
         <file>rtsv7M4_T_le_v4SPD16_eabi.lib</file>
         <name>strncpy.c.obj</name>
      </input_file>
      <input_file id="fl-e8">
         <path>D:\Edges Advanced Embedded Diploma\ccs\tools\compiler\ti-cgt-arm_20.2.7.LTS\lib\</path>
         <kind>archive</kind>
         <file>rtsv7M4_T_le_v4SPD16_eabi.lib</file>
         <name>remove.c.obj</name>
      </input_file>
      <input_file id="fl-e9">
         <path>D:\Edges Advanced Embedded Diploma\ccs\tools\compiler\ti-cgt-arm_20.2.7.LTS\lib\</path>
         <kind>archive</kind>
         <file>rtsv7M4_T_le_v4SPD16_eabi.lib</file>
         <name>close.c.obj</name>
      </input_file>
      <input_file id="fl-ea">
         <path>D:\Edges Advanced Embedded Diploma\ccs\tools\compiler\ti-cgt-arm_20.2.7.LTS\lib\</path>
         <kind>archive</kind>
         <file>rtsv7M4_T_le_v4SPD16_eabi.lib</file>
         <name>unlink.c.obj</name>
      </input_file>
   </input_file_list>
   <object_component_list>
      <object_component id="oc-12">
         <name>.intvecs</name>
         <load_address>0x0</load_address>
         <run_address>0x0</run_address>
         <size>0x26c</size>
         <input_file_ref idref="fl-5"/>
      </object_component>
      <object_component id="oc-a2">
         <name>.text</name>
         <load_address>0x26c</load_address>
         <run_address>0x26c</run_address>
         <size>0x69c</size>
         <input_file_ref idref="fl-3"/>
      </object_component>
      <object_component id="oc-d6">
         <name>.text</name>
         <load_address>0x908</load_address>
         <run_address>0x908</run_address>
         <size>0x3ec</size>
         <input_file_ref idref="fl-2"/>
      </object_component>
      <object_component id="oc-131">
         <name>.text:fputs</name>
         <load_address>0xcf4</load_address>
         <run_address>0xcf4</run_address>
         <size>0x114</size>
         <input_file_ref idref="fl-c6"/>
      </object_component>
      <object_component id="oc-239">
         <name>.text:aligned_alloc</name>
         <load_address>0xe08</load_address>
         <run_address>0xe08</run_address>
         <size>0x100</size>
         <input_file_ref idref="fl-d2"/>
      </object_component>
      <object_component id="oc-1f7">
         <name>.text:free</name>
         <load_address>0xf08</load_address>
         <run_address>0xf08</run_address>
         <size>0xe4</size>
         <input_file_ref idref="fl-d2"/>
      </object_component>
      <object_component id="oc-1c6">
         <name>.text:setvbuf</name>
         <load_address>0xfec</load_address>
         <run_address>0xfec</run_address>
         <size>0xdc</size>
         <input_file_ref idref="fl-c8"/>
      </object_component>
      <object_component id="oc-e3">
         <name>.text</name>
         <load_address>0x10c8</load_address>
         <run_address>0x10c8</run_address>
         <size>0xc8</size>
         <input_file_ref idref="fl-4"/>
      </object_component>
      <object_component id="oc-3e">
         <name>.text</name>
         <load_address>0x1190</load_address>
         <run_address>0x1190</run_address>
         <size>0x9c</size>
         <input_file_ref idref="fl-c9"/>
      </object_component>
      <object_component id="oc-137">
         <name>.text:fflush</name>
         <load_address>0x122c</load_address>
         <run_address>0x122c</run_address>
         <size>0x7c</size>
         <input_file_ref idref="fl-c5"/>
      </object_component>
      <object_component id="oc-240">
         <name>.text:__TI_closefile</name>
         <load_address>0x12a8</load_address>
         <run_address>0x12a8</run_address>
         <size>0x74</size>
         <input_file_ref idref="fl-e2"/>
      </object_component>
      <object_component id="oc-27e">
         <name>.text:split</name>
         <load_address>0x131c</load_address>
         <run_address>0x131c</run_address>
         <size>0x70</size>
         <input_file_ref idref="fl-d2"/>
      </object_component>
      <object_component id="oc-26d">
         <name>.text:HOSTrename</name>
         <load_address>0x138c</load_address>
         <run_address>0x138c</run_address>
         <size>0x6c</size>
         <input_file_ref idref="fl-dc"/>
      </object_component>
      <object_component id="oc-261">
         <name>.text:HOSTlseek</name>
         <load_address>0x13f8</load_address>
         <run_address>0x13f8</run_address>
         <size>0x68</size>
         <input_file_ref idref="fl-d9"/>
      </object_component>
      <object_component id="oc-15">
         <name>.text:decompress:lzss:__TI_decompress_lzss</name>
         <load_address>0x1460</load_address>
         <run_address>0x1460</run_address>
         <size>0x68</size>
         <input_file_ref idref="fl-c1"/>
      </object_component>
      <object_component id="oc-1c0">
         <name>.text:fseek</name>
         <load_address>0x14c8</load_address>
         <run_address>0x14c8</run_address>
         <size>0x64</size>
         <input_file_ref idref="fl-d7"/>
      </object_component>
      <object_component id="oc-16d">
         <name>.text:__TI_wrt_ok</name>
         <load_address>0x152c</load_address>
         <run_address>0x152c</run_address>
         <size>0x62</size>
         <input_file_ref idref="fl-c7"/>
      </object_component>
      <object_component id="oc-1a1">
         <name>.text:_nop</name>
         <load_address>0x158e</load_address>
         <run_address>0x158e</run_address>
         <size>0x2</size>
         <input_file_ref idref="fl-cf"/>
      </object_component>
      <object_component id="oc-249">
         <name>.text:HOSTopen</name>
         <load_address>0x1590</load_address>
         <run_address>0x1590</run_address>
         <size>0x60</size>
         <input_file_ref idref="fl-da"/>
      </object_component>
      <object_component id="oc-285">
         <name>.text:close</name>
         <load_address>0x15f0</load_address>
         <run_address>0x15f0</run_address>
         <size>0x5c</size>
         <input_file_ref idref="fl-e9"/>
      </object_component>
      <object_component id="oc-255">
         <name>.text:HOSTread</name>
         <load_address>0x164c</load_address>
         <run_address>0x164c</run_address>
         <size>0x58</size>
         <input_file_ref idref="fl-db"/>
      </object_component>
      <object_component id="oc-25b">
         <name>.text:HOSTwrite</name>
         <load_address>0x16a4</load_address>
         <run_address>0x16a4</run_address>
         <size>0x58</size>
         <input_file_ref idref="fl-de"/>
      </object_component>
      <object_component id="oc-17f">
         <name>.text:__TI_doflush</name>
         <load_address>0x16fc</load_address>
         <run_address>0x16fc</run_address>
         <size>0x4c</size>
         <input_file_ref idref="fl-c5"/>
      </object_component>
      <object_component id="oc-f0">
         <name>.text:exit</name>
         <load_address>0x1748</load_address>
         <run_address>0x1748</run_address>
         <size>0x48</size>
         <input_file_ref idref="fl-ce"/>
      </object_component>
      <object_component id="oc-24f">
         <name>.text:HOSTclose</name>
         <load_address>0x1790</load_address>
         <run_address>0x1790</run_address>
         <size>0x44</size>
         <input_file_ref idref="fl-d8"/>
      </object_component>
      <object_component id="oc-267">
         <name>.text:HOSTunlink</name>
         <load_address>0x17d4</load_address>
         <run_address>0x17d4</run_address>
         <size>0x44</size>
         <input_file_ref idref="fl-dd"/>
      </object_component>
      <object_component id="oc-f6">
         <name>.text:__TI_auto_init_nobinit_nopinit:__TI_auto_init_nobinit_nopinit</name>
         <load_address>0x1818</load_address>
         <run_address>0x1818</run_address>
         <size>0x44</size>
         <input_file_ref idref="fl-cb"/>
      </object_component>
      <object_component id="oc-2bb">
         <name>.text:getdevice</name>
         <load_address>0x185c</load_address>
         <run_address>0x185c</run_address>
         <size>0x44</size>
         <input_file_ref idref="fl-e3"/>
      </object_component>
      <object_component id="oc-294">
         <name>.text:__TI_writemsg</name>
         <load_address>0x18a0</load_address>
         <run_address>0x18a0</run_address>
         <size>0x38</size>
         <input_file_ref idref="fl-df"/>
      </object_component>
      <object_component id="oc-2e3">
         <name>.text:strncpy</name>
         <load_address>0x18d8</load_address>
         <run_address>0x18d8</run_address>
         <size>0x36</size>
         <input_file_ref idref="fl-e7"/>
      </object_component>
      <object_component id="oc-203">
         <name>.text:__TI_cleanup</name>
         <load_address>0x1910</load_address>
         <run_address>0x1910</run_address>
         <size>0x34</size>
         <input_file_ref idref="fl-d6"/>
      </object_component>
      <object_component id="oc-29a">
         <name>.text:__TI_readmsg</name>
         <load_address>0x1944</load_address>
         <run_address>0x1944</run_address>
         <size>0x34</size>
         <input_file_ref idref="fl-df"/>
      </object_component>
      <object_component id="oc-5c">
         <name>.text:_c_int00_noargs:_c_int00_noargs</name>
         <load_address>0x1978</load_address>
         <run_address>0x1978</run_address>
         <size>0x34</size>
         <input_file_ref idref="fl-c4"/>
      </object_component>
      <object_component id="oc-2e9">
         <name>.text:finddevice</name>
         <load_address>0x19ac</load_address>
         <run_address>0x19ac</run_address>
         <size>0x30</size>
         <input_file_ref idref="fl-e3"/>
      </object_component>
      <object_component id="oc-28b">
         <name>.text:unlink</name>
         <load_address>0x19dc</load_address>
         <run_address>0x19dc</run_address>
         <size>0x2c</size>
         <input_file_ref idref="fl-ea"/>
      </object_component>
      <object_component id="oc-232">
         <name>.text:free_list_insert</name>
         <load_address>0x1a08</load_address>
         <run_address>0x1a08</run_address>
         <size>0x28</size>
         <input_file_ref idref="fl-d2"/>
      </object_component>
      <object_component id="oc-1ef">
         <name>.text:lseek</name>
         <load_address>0x1a30</load_address>
         <run_address>0x1a30</run_address>
         <size>0x28</size>
         <input_file_ref idref="fl-e1"/>
      </object_component>
      <object_component id="oc-185">
         <name>.text:write</name>
         <load_address>0x1a58</load_address>
         <run_address>0x1a58</run_address>
         <size>0x28</size>
         <input_file_ref idref="fl-d4"/>
      </object_component>
      <object_component id="oc-179">
         <name>.text:memchr</name>
         <load_address>0x1a80</load_address>
         <run_address>0x1a80</run_address>
         <size>0x20</size>
         <input_file_ref idref="fl-d1"/>
      </object_component>
      <object_component id="oc-dc">
         <name>.text:_abort_msg</name>
         <load_address>0x1aa0</load_address>
         <run_address>0x1aa0</run_address>
         <size>0x1c</size>
         <input_file_ref idref="fl-c2"/>
      </object_component>
      <object_component id="oc-4a">
         <name>.text:decompress:ZI:__TI_zero_init_nomemset:__TI_zero_init_nomemset</name>
         <load_address>0x1abc</load_address>
         <run_address>0x1abc</run_address>
         <size>0x1c</size>
         <input_file_ref idref="fl-bf"/>
      </object_component>
      <object_component id="oc-22c">
         <name>.text:free_list_remove</name>
         <load_address>0x1ad8</load_address>
         <run_address>0x1ad8</run_address>
         <size>0x1c</size>
         <input_file_ref idref="fl-d2"/>
      </object_component>
      <object_component id="oc-302">
         <name>.text:strcmp</name>
         <load_address>0x1af4</load_address>
         <run_address>0x1af4</run_address>
         <size>0x18</size>
         <input_file_ref idref="fl-e5"/>
      </object_component>
      <object_component id="oc-2dd">
         <name>.text:strchr</name>
         <load_address>0x1b0c</load_address>
         <run_address>0x1b0c</run_address>
         <size>0x16</size>
         <input_file_ref idref="fl-e4"/>
      </object_component>
      <object_component id="oc-2ae">
         <name>.text:strcpy</name>
         <load_address>0x1b22</load_address>
         <run_address>0x1b22</run_address>
         <size>0x14</size>
         <input_file_ref idref="fl-e6"/>
      </object_component>
      <object_component id="oc-173">
         <name>.text:strlen</name>
         <load_address>0x1b36</load_address>
         <run_address>0x1b36</run_address>
         <size>0x14</size>
         <input_file_ref idref="fl-d3"/>
      </object_component>
      <object_component id="oc-1b">
         <name>.text:decompress:none:__TI_decompress_none</name>
         <load_address>0x1b4a</load_address>
         <run_address>0x1b4a</run_address>
         <size>0xe</size>
         <input_file_ref idref="fl-c0"/>
      </object_component>
      <object_component id="oc-2a">
         <name>.text</name>
         <load_address>0x1b58</load_address>
         <run_address>0x1b58</run_address>
         <size>0xc</size>
         <input_file_ref idref="fl-5"/>
      </object_component>
      <object_component id="oc-1fd">
         <name>.text:malloc</name>
         <load_address>0x1b64</load_address>
         <run_address>0x1b64</run_address>
         <size>0x8</size>
         <input_file_ref idref="fl-d2"/>
      </object_component>
      <object_component id="oc-9c">
         <name>.text:_system_pre_init</name>
         <load_address>0x1b6c</load_address>
         <run_address>0x1b6c</run_address>
         <size>0x4</size>
         <input_file_ref idref="fl-cc"/>
      </object_component>
      <object_component id="oc-ea">
         <name>.text:abort:abort</name>
         <load_address>0x1b70</load_address>
         <run_address>0x1b70</run_address>
         <size>0x4</size>
         <input_file_ref idref="fl-ce"/>
      </object_component>
      <object_component id="oc-e2">
         <name>.const:.string</name>
         <load_address>0x1b74</load_address>
         <run_address>0x1b74</run_address>
         <size>0x146</size>
         <input_file_ref idref="fl-3"/>
      </object_component>
      <object_component id="oc-343">
         <name>.cinit..data.load</name>
         <load_address>0x1cc0</load_address>
         <run_address>0x1cc0</run_address>
         <size>0x68</size>
      </object_component>
      <object_component id="oc-341">
         <name>__TI_handler_table</name>
         <load_address>0x1d28</load_address>
         <run_address>0x1d28</run_address>
         <size>0xc</size>
      </object_component>
      <object_component id="oc-344">
         <name>.cinit..bss.load</name>
         <load_address>0x1d38</load_address>
         <run_address>0x1d38</run_address>
         <size>0x8</size>
      </object_component>
      <object_component id="oc-342">
         <name>__TI_cinit_table</name>
         <load_address>0x1d40</load_address>
         <run_address>0x1d40</run_address>
         <size>0x10</size>
      </object_component>
      <object_component id="oc-142">
         <name>.data</name>
         <load_address>0x200003e4</load_address>
         <run_address>0x200003e4</run_address>
         <size>0x4</size>
         <input_file_ref idref="fl-4"/>
      </object_component>
      <object_component id="oc-13d">
         <name>.data:_ftable</name>
         <load_address>0x20000200</load_address>
         <run_address>0x20000200</run_address>
         <size>0xf0</size>
         <input_file_ref idref="fl-c3"/>
      </object_component>
      <object_component id="oc-18d">
         <name>.data</name>
         <load_address>0x200003b8</load_address>
         <run_address>0x200003b8</run_address>
         <size>0x10</size>
         <input_file_ref idref="fl-c3"/>
      </object_component>
      <object_component id="oc-14c">
         <name>.data:$O1$$</name>
         <load_address>0x200003c8</load_address>
         <run_address>0x200003c8</run_address>
         <size>0xc</size>
         <input_file_ref idref="fl-ce"/>
      </object_component>
      <object_component id="oc-14f">
         <name>.data:$O1$$</name>
         <load_address>0x200003d4</load_address>
         <run_address>0x200003d4</run_address>
         <size>0x8</size>
         <input_file_ref idref="fl-cf"/>
      </object_component>
      <object_component id="oc-279">
         <name>.data:$O1$$</name>
         <load_address>0x200003dc</load_address>
         <run_address>0x200003dc</run_address>
         <size>0x8</size>
         <input_file_ref idref="fl-d2"/>
      </object_component>
      <object_component id="oc-216">
         <name>.data:_device</name>
         <load_address>0x200002f0</load_address>
         <run_address>0x200002f0</run_address>
         <size>0x78</size>
         <input_file_ref idref="fl-d5"/>
      </object_component>
      <object_component id="oc-1d3">
         <name>.data:_stream</name>
         <load_address>0x20000368</load_address>
         <run_address>0x20000368</run_address>
         <size>0x50</size>
         <input_file_ref idref="fl-d5"/>
      </object_component>
      <object_component id="oc-2c5">
         <name>.bss:_CIOBUF_</name>
         <uninitialized>true</uninitialized>
         <run_address>0x200003e8</run_address>
         <size>0x120</size>
         <input_file_ref idref="fl-df"/>
      </object_component>
      <object_component id="oc-291">
         <name>.common:__TI_tmpnams</name>
         <uninitialized>true</uninitialized>
         <run_address>0x20000508</run_address>
         <size>0xa0</size>
      </object_component>
      <object_component id="oc-2a0">
         <name>.common:parmbuf</name>
         <uninitialized>true</uninitialized>
         <run_address>0x200005a8</run_address>
         <size>0x8</size>
      </object_component>
      <object_component id="oc-27">
         <name>.sysmem</name>
         <uninitialized>true</uninitialized>
         <run_address>0x200005b0</run_address>
         <size>0x10</size>
         <input_file_ref idref="fl-d2"/>
      </object_component>
      <object_component id="oc-347">
         <name>.sysmem</name>
         <uninitialized>true</uninitialized>
         <run_address>0x200005b0</run_address>
         <size>0x0</size>
      </object_component>
      <object_component id="oc-24">
         <name>.stack</name>
         <uninitialized>true</uninitialized>
         <run_address>0x20000000</run_address>
         <size>0x4</size>
         <input_file_ref idref="fl-c4"/>
      </object_component>
      <object_component id="oc-346">
         <name>.stack</name>
         <uninitialized>true</uninitialized>
         <run_address>0x20000000</run_address>
         <size>0x0</size>
      </object_component>
      <object_component id="oc-12b">
         <name>.debug_info</name>
         <load_address>0x0</load_address>
         <run_address>0x0</run_address>
         <size>0x27e</size>
         <input_file_ref idref="fl-2"/>
      </object_component>
      <object_component id="oc-d9">
         <name>.debug_info</name>
         <load_address>0x27e</load_address>
         <run_address>0x27e</run_address>
         <size>0x63d</size>
         <input_file_ref idref="fl-2"/>
      </object_component>
      <object_component id="oc-12c">
         <name>.debug_info</name>
         <load_address>0x8bb</load_address>
         <run_address>0x8bb</run_address>
         <size>0xb7</size>
         <input_file_ref idref="fl-2"/>
      </object_component>
      <object_component id="oc-39">
         <name>.debug_info</name>
         <load_address>0x972</load_address>
         <run_address>0x972</run_address>
         <size>0x84</size>
         <input_file_ref idref="fl-2"/>
      </object_component>
      <object_component id="oc-146">
         <name>.debug_info</name>
         <load_address>0x9f6</load_address>
         <run_address>0x9f6</run_address>
         <size>0xae</size>
         <input_file_ref idref="fl-2"/>
      </object_component>
      <object_component id="oc-a4">
         <name>.debug_info</name>
         <load_address>0xaa4</load_address>
         <run_address>0xaa4</run_address>
         <size>0x49d</size>
         <input_file_ref idref="fl-3"/>
      </object_component>
      <object_component id="oc-c5">
         <name>.debug_info</name>
         <load_address>0xf41</load_address>
         <run_address>0xf41</run_address>
         <size>0x286</size>
         <input_file_ref idref="fl-4"/>
      </object_component>
      <object_component id="oc-143">
         <name>.debug_info</name>
         <load_address>0x11c7</load_address>
         <run_address>0x11c7</run_address>
         <size>0xf3</size>
         <input_file_ref idref="fl-4"/>
      </object_component>
      <object_component id="oc-e4">
         <name>.debug_info</name>
         <load_address>0x12ba</load_address>
         <run_address>0x12ba</run_address>
         <size>0x44c</size>
         <input_file_ref idref="fl-4"/>
      </object_component>
      <object_component id="oc-77">
         <name>.debug_info</name>
         <load_address>0x1706</load_address>
         <run_address>0x1706</run_address>
         <size>0x26b</size>
         <input_file_ref idref="fl-4"/>
      </object_component>
      <object_component id="oc-c0">
         <name>.debug_info</name>
         <load_address>0x1971</load_address>
         <run_address>0x1971</run_address>
         <size>0x2a4</size>
         <input_file_ref idref="fl-4"/>
      </object_component>
      <object_component id="oc-7c">
         <name>.debug_info</name>
         <load_address>0x1c15</load_address>
         <run_address>0x1c15</run_address>
         <size>0xbb</size>
         <input_file_ref idref="fl-4"/>
      </object_component>
      <object_component id="oc-32">
         <name>.debug_info</name>
         <load_address>0x1cd0</load_address>
         <run_address>0x1cd0</run_address>
         <size>0x2cd</size>
         <input_file_ref idref="fl-5"/>
      </object_component>
      <object_component id="oc-13">
         <name>.debug_info</name>
         <load_address>0x1f9d</load_address>
         <run_address>0x1f9d</run_address>
         <size>0x10c</size>
         <input_file_ref idref="fl-5"/>
      </object_component>
      <object_component id="oc-2b">
         <name>.debug_info</name>
         <load_address>0x20a9</load_address>
         <run_address>0x20a9</run_address>
         <size>0x288</size>
         <input_file_ref idref="fl-5"/>
      </object_component>
      <object_component id="oc-95">
         <name>.debug_info</name>
         <load_address>0x2331</load_address>
         <run_address>0x2331</run_address>
         <size>0x2d4</size>
         <input_file_ref idref="fl-bf"/>
      </object_component>
      <object_component id="oc-4b">
         <name>.debug_info</name>
         <load_address>0x2605</load_address>
         <run_address>0x2605</run_address>
         <size>0x1d2</size>
         <input_file_ref idref="fl-bf"/>
      </object_component>
      <object_component id="oc-90">
         <name>.debug_info</name>
         <load_address>0x27d7</load_address>
         <run_address>0x27d7</run_address>
         <size>0x46</size>
         <input_file_ref idref="fl-bf"/>
      </object_component>
      <object_component id="oc-cd">
         <name>.debug_info</name>
         <load_address>0x281d</load_address>
         <run_address>0x281d</run_address>
         <size>0x2c</size>
         <input_file_ref idref="fl-bf"/>
      </object_component>
      <object_component id="oc-49">
         <name>.debug_info</name>
         <load_address>0x2849</load_address>
         <run_address>0x2849</run_address>
         <size>0x2a8</size>
         <input_file_ref idref="fl-c0"/>
      </object_component>
      <object_component id="oc-1d">
         <name>.debug_info</name>
         <load_address>0x2af1</load_address>
         <run_address>0x2af1</run_address>
         <size>0x1ea</size>
         <input_file_ref idref="fl-c0"/>
      </object_component>
      <object_component id="oc-44">
         <name>.debug_info</name>
         <load_address>0x2cdb</load_address>
         <run_address>0x2cdb</run_address>
         <size>0x46</size>
         <input_file_ref idref="fl-c0"/>
      </object_component>
      <object_component id="oc-88">
         <name>.debug_info</name>
         <load_address>0x2d21</load_address>
         <run_address>0x2d21</run_address>
         <size>0x2c</size>
         <input_file_ref idref="fl-c0"/>
      </object_component>
      <object_component id="oc-86">
         <name>.debug_info</name>
         <load_address>0x2d4d</load_address>
         <run_address>0x2d4d</run_address>
         <size>0x29e</size>
         <input_file_ref idref="fl-c1"/>
      </object_component>
      <object_component id="oc-19">
         <name>.debug_info</name>
         <load_address>0x2feb</load_address>
         <run_address>0x2feb</run_address>
         <size>0x250</size>
         <input_file_ref idref="fl-c1"/>
      </object_component>
      <object_component id="oc-34">
         <name>.debug_info</name>
         <load_address>0x323b</load_address>
         <run_address>0x323b</run_address>
         <size>0x60</size>
         <input_file_ref idref="fl-c1"/>
      </object_component>
      <object_component id="oc-c6">
         <name>.debug_info</name>
         <load_address>0x329b</load_address>
         <run_address>0x329b</run_address>
         <size>0x46</size>
         <input_file_ref idref="fl-c1"/>
      </object_component>
      <object_component id="oc-81">
         <name>.debug_info</name>
         <load_address>0x32e1</load_address>
         <run_address>0x32e1</run_address>
         <size>0x39</size>
         <input_file_ref idref="fl-c1"/>
      </object_component>
      <object_component id="oc-141">
         <name>.debug_info</name>
         <load_address>0x331a</load_address>
         <run_address>0x331a</run_address>
         <size>0x322</size>
         <input_file_ref idref="fl-c2"/>
      </object_component>
      <object_component id="oc-e0">
         <name>.debug_info</name>
         <load_address>0x363c</load_address>
         <run_address>0x363c</run_address>
         <size>0x177</size>
         <input_file_ref idref="fl-c2"/>
      </object_component>
      <object_component id="oc-198">
         <name>.debug_info</name>
         <load_address>0x37b3</load_address>
         <run_address>0x37b3</run_address>
         <size>0xb2</size>
         <input_file_ref idref="fl-c2"/>
      </object_component>
      <object_component id="oc-194">
         <name>.debug_info</name>
         <load_address>0x3865</load_address>
         <run_address>0x3865</run_address>
         <size>0x144</size>
         <input_file_ref idref="fl-c3"/>
      </object_component>
      <object_component id="oc-13e">
         <name>.debug_info</name>
         <load_address>0x39a9</load_address>
         <run_address>0x39a9</run_address>
         <size>0x102</size>
         <input_file_ref idref="fl-c3"/>
      </object_component>
      <object_component id="oc-18e">
         <name>.debug_info</name>
         <load_address>0x3aab</load_address>
         <run_address>0x3aab</run_address>
         <size>0x18f</size>
         <input_file_ref idref="fl-c3"/>
      </object_component>
      <object_component id="oc-25">
         <name>.debug_info</name>
         <load_address>0x3c3a</load_address>
         <run_address>0x3c3a</run_address>
         <size>0x10b</size>
         <input_file_ref idref="fl-c4"/>
      </object_component>
      <object_component id="oc-5d">
         <name>.debug_info</name>
         <load_address>0x3d45</load_address>
         <run_address>0x3d45</run_address>
         <size>0x1a9</size>
         <input_file_ref idref="fl-c4"/>
      </object_component>
      <object_component id="oc-191">
         <name>.debug_info</name>
         <load_address>0x3eee</load_address>
         <run_address>0x3eee</run_address>
         <size>0x347</size>
         <input_file_ref idref="fl-c5"/>
      </object_component>
      <object_component id="oc-180">
         <name>.debug_info</name>
         <load_address>0x4235</load_address>
         <run_address>0x4235</run_address>
         <size>0x18a</size>
         <input_file_ref idref="fl-c5"/>
      </object_component>
      <object_component id="oc-13a">
         <name>.debug_info</name>
         <load_address>0x43bf</load_address>
         <run_address>0x43bf</run_address>
         <size>0x1c8</size>
         <input_file_ref idref="fl-c5"/>
      </object_component>
      <object_component id="oc-18c">
         <name>.debug_info</name>
         <load_address>0x4587</load_address>
         <run_address>0x4587</run_address>
         <size>0x3fc</size>
         <input_file_ref idref="fl-c6"/>
      </object_component>
      <object_component id="oc-133">
         <name>.debug_info</name>
         <load_address>0x4983</load_address>
         <run_address>0x4983</run_address>
         <size>0x2e2</size>
         <input_file_ref idref="fl-c6"/>
      </object_component>
      <object_component id="oc-1cd">
         <name>.debug_info</name>
         <load_address>0x4c65</load_address>
         <run_address>0x4c65</run_address>
         <size>0x300</size>
         <input_file_ref idref="fl-c7"/>
      </object_component>
      <object_component id="oc-171">
         <name>.debug_info</name>
         <load_address>0x4f65</load_address>
         <run_address>0x4f65</run_address>
         <size>0x19c</size>
         <input_file_ref idref="fl-c7"/>
      </object_component>
      <object_component id="oc-20b">
         <name>.debug_info</name>
         <load_address>0x5101</load_address>
         <run_address>0x5101</run_address>
         <size>0xbf</size>
         <input_file_ref idref="fl-c7"/>
      </object_component>
      <object_component id="oc-20a">
         <name>.debug_info</name>
         <load_address>0x51c0</load_address>
         <run_address>0x51c0</run_address>
         <size>0x374</size>
         <input_file_ref idref="fl-c8"/>
      </object_component>
      <object_component id="oc-1c9">
         <name>.debug_info</name>
         <load_address>0x5534</load_address>
         <run_address>0x5534</run_address>
         <size>0x20b</size>
         <input_file_ref idref="fl-c8"/>
      </object_component>
      <object_component id="oc-3f">
         <name>.debug_info</name>
         <load_address>0x573f</load_address>
         <run_address>0x573f</run_address>
         <size>0x119</size>
         <input_file_ref idref="fl-c9"/>
      </object_component>
      <object_component id="oc-156">
         <name>.debug_info</name>
         <load_address>0x5858</load_address>
         <run_address>0x5858</run_address>
         <size>0x4b3</size>
         <input_file_ref idref="fl-cb"/>
      </object_component>
      <object_component id="oc-f9">
         <name>.debug_info</name>
         <load_address>0x5d0b</load_address>
         <run_address>0x5d0b</run_address>
         <size>0x1a6</size>
         <input_file_ref idref="fl-cb"/>
      </object_component>
      <object_component id="oc-1af">
         <name>.debug_info</name>
         <load_address>0x5eb1</load_address>
         <run_address>0x5eb1</run_address>
         <size>0x39</size>
         <input_file_ref idref="fl-cb"/>
      </object_component>
      <object_component id="oc-1e3">
         <name>.debug_info</name>
         <load_address>0x5eea</load_address>
         <run_address>0x5eea</run_address>
         <size>0x39</size>
         <input_file_ref idref="fl-cb"/>
      </object_component>
      <object_component id="oc-1b4">
         <name>.debug_info</name>
         <load_address>0x5f23</load_address>
         <run_address>0x5f23</run_address>
         <size>0x39</size>
         <input_file_ref idref="fl-cb"/>
      </object_component>
      <object_component id="oc-1b9">
         <name>.debug_info</name>
         <load_address>0x5f5c</load_address>
         <run_address>0x5f5c</run_address>
         <size>0xcd</size>
         <input_file_ref idref="fl-cb"/>
      </object_component>
      <object_component id="oc-9e">
         <name>.debug_info</name>
         <load_address>0x6029</load_address>
         <run_address>0x6029</run_address>
         <size>0x153</size>
         <input_file_ref idref="fl-cc"/>
      </object_component>
      <object_component id="oc-153">
         <name>.debug_info</name>
         <load_address>0x617c</load_address>
         <run_address>0x617c</run_address>
         <size>0x3ad</size>
         <input_file_ref idref="fl-ce"/>
      </object_component>
      <object_component id="oc-14d">
         <name>.debug_info</name>
         <load_address>0x6529</load_address>
         <run_address>0x6529</run_address>
         <size>0x190</size>
         <input_file_ref idref="fl-ce"/>
      </object_component>
      <object_component id="oc-ee">
         <name>.debug_info</name>
         <load_address>0x66b9</load_address>
         <run_address>0x66b9</run_address>
         <size>0x122</size>
         <input_file_ref idref="fl-ce"/>
      </object_component>
      <object_component id="oc-f4">
         <name>.debug_info</name>
         <load_address>0x67db</load_address>
         <run_address>0x67db</run_address>
         <size>0x184</size>
         <input_file_ref idref="fl-ce"/>
      </object_component>
      <object_component id="oc-1a9">
         <name>.debug_info</name>
         <load_address>0x695f</load_address>
         <run_address>0x695f</run_address>
         <size>0x2c9</size>
         <input_file_ref idref="fl-cf"/>
      </object_component>
      <object_component id="oc-150">
         <name>.debug_info</name>
         <load_address>0x6c28</load_address>
         <run_address>0x6c28</run_address>
         <size>0x11e</size>
         <input_file_ref idref="fl-cf"/>
      </object_component>
      <object_component id="oc-1a4">
         <name>.debug_info</name>
         <load_address>0x6d46</load_address>
         <run_address>0x6d46</run_address>
         <size>0x12e</size>
         <input_file_ref idref="fl-cf"/>
      </object_component>
      <object_component id="oc-1d1">
         <name>.debug_info</name>
         <load_address>0x6e74</load_address>
         <run_address>0x6e74</run_address>
         <size>0x2a5</size>
         <input_file_ref idref="fl-d1"/>
      </object_component>
      <object_component id="oc-17c">
         <name>.debug_info</name>
         <load_address>0x7119</load_address>
         <run_address>0x7119</run_address>
         <size>0x25d</size>
         <input_file_ref idref="fl-d1"/>
      </object_component>
      <object_component id="oc-72">
         <name>.debug_info</name>
         <load_address>0x7376</load_address>
         <run_address>0x7376</run_address>
         <size>0x3b2</size>
         <input_file_ref idref="fl-d2"/>
      </object_component>
      <object_component id="oc-28">
         <name>.debug_info</name>
         <load_address>0x7728</load_address>
         <run_address>0x7728</run_address>
         <size>0x10c</size>
         <input_file_ref idref="fl-d2"/>
      </object_component>
      <object_component id="oc-27a">
         <name>.debug_info</name>
         <load_address>0x7834</load_address>
         <run_address>0x7834</run_address>
         <size>0x13f</size>
         <input_file_ref idref="fl-d2"/>
      </object_component>
      <object_component id="oc-1fe">
         <name>.debug_info</name>
         <load_address>0x7973</load_address>
         <run_address>0x7973</run_address>
         <size>0x168</size>
         <input_file_ref idref="fl-d2"/>
      </object_component>
      <object_component id="oc-22d">
         <name>.debug_info</name>
         <load_address>0x7adb</load_address>
         <run_address>0x7adb</run_address>
         <size>0x18e</size>
         <input_file_ref idref="fl-d2"/>
      </object_component>
      <object_component id="oc-233">
         <name>.debug_info</name>
         <load_address>0x7c69</load_address>
         <run_address>0x7c69</run_address>
         <size>0x19f</size>
         <input_file_ref idref="fl-d2"/>
      </object_component>
      <object_component id="oc-1f8">
         <name>.debug_info</name>
         <load_address>0x7e08</load_address>
         <run_address>0x7e08</run_address>
         <size>0x203</size>
         <input_file_ref idref="fl-d2"/>
      </object_component>
      <object_component id="oc-27f">
         <name>.debug_info</name>
         <load_address>0x800b</load_address>
         <run_address>0x800b</run_address>
         <size>0x1db</size>
         <input_file_ref idref="fl-d2"/>
      </object_component>
      <object_component id="oc-23a">
         <name>.debug_info</name>
         <load_address>0x81e6</load_address>
         <run_address>0x81e6</run_address>
         <size>0x299</size>
         <input_file_ref idref="fl-d2"/>
      </object_component>
      <object_component id="oc-bb">
         <name>.debug_info</name>
         <load_address>0x847f</load_address>
         <run_address>0x847f</run_address>
         <size>0xb2</size>
         <input_file_ref idref="fl-d2"/>
      </object_component>
      <object_component id="oc-b6">
         <name>.debug_info</name>
         <load_address>0x8531</load_address>
         <run_address>0x8531</run_address>
         <size>0x2c</size>
         <input_file_ref idref="fl-d2"/>
      </object_component>
      <object_component id="oc-1cf">
         <name>.debug_info</name>
         <load_address>0x855d</load_address>
         <run_address>0x855d</run_address>
         <size>0x28f</size>
         <input_file_ref idref="fl-d3"/>
      </object_component>
      <object_component id="oc-176">
         <name>.debug_info</name>
         <load_address>0x87ec</load_address>
         <run_address>0x87ec</run_address>
         <size>0x245</size>
         <input_file_ref idref="fl-d3"/>
      </object_component>
      <object_component id="oc-1d7">
         <name>.debug_info</name>
         <load_address>0x8a31</load_address>
         <run_address>0x8a31</run_address>
         <size>0x397</size>
         <input_file_ref idref="fl-d4"/>
      </object_component>
      <object_component id="oc-186">
         <name>.debug_info</name>
         <load_address>0x8dc8</load_address>
         <run_address>0x8dc8</run_address>
         <size>0x18f</size>
         <input_file_ref idref="fl-d4"/>
      </object_component>
      <object_component id="oc-21e">
         <name>.debug_info</name>
         <load_address>0x8f57</load_address>
         <run_address>0x8f57</run_address>
         <size>0x120</size>
         <input_file_ref idref="fl-d4"/>
      </object_component>
      <object_component id="oc-223">
         <name>.debug_info</name>
         <load_address>0x9077</load_address>
         <run_address>0x9077</run_address>
         <size>0x2c</size>
         <input_file_ref idref="fl-d4"/>
      </object_component>
      <object_component id="oc-21b">
         <name>.debug_info</name>
         <load_address>0x90a3</load_address>
         <run_address>0x90a3</run_address>
         <size>0x337</size>
         <input_file_ref idref="fl-d5"/>
      </object_component>
      <object_component id="oc-217">
         <name>.debug_info</name>
         <load_address>0x93da</load_address>
         <run_address>0x93da</run_address>
         <size>0x109</size>
         <input_file_ref idref="fl-d5"/>
      </object_component>
      <object_component id="oc-1d4">
         <name>.debug_info</name>
         <load_address>0x94e3</load_address>
         <run_address>0x94e3</run_address>
         <size>0x109</size>
         <input_file_ref idref="fl-d5"/>
      </object_component>
      <object_component id="oc-204">
         <name>.debug_info</name>
         <load_address>0x95ec</load_address>
         <run_address>0x95ec</run_address>
         <size>0x176</size>
         <input_file_ref idref="fl-d6"/>
      </object_component>
      <object_component id="oc-1f6">
         <name>.debug_info</name>
         <load_address>0x9762</load_address>
         <run_address>0x9762</run_address>
         <size>0x324</size>
         <input_file_ref idref="fl-d7"/>
      </object_component>
      <object_component id="oc-1c1">
         <name>.debug_info</name>
         <load_address>0x9a86</load_address>
         <run_address>0x9a86</run_address>
         <size>0x1ec</size>
         <input_file_ref idref="fl-d7"/>
      </object_component>
      <object_component id="oc-2a5">
         <name>.debug_info</name>
         <load_address>0x9c72</load_address>
         <run_address>0x9c72</run_address>
         <size>0x373</size>
         <input_file_ref idref="fl-d8"/>
      </object_component>
      <object_component id="oc-253">
         <name>.debug_info</name>
         <load_address>0x9fe5</load_address>
         <run_address>0x9fe5</run_address>
         <size>0x1bc</size>
         <input_file_ref idref="fl-d8"/>
      </object_component>
      <object_component id="oc-2ab">
         <name>.debug_info</name>
         <load_address>0xa1a1</load_address>
         <run_address>0xa1a1</run_address>
         <size>0x378</size>
         <input_file_ref idref="fl-d9"/>
      </object_component>
      <object_component id="oc-264">
         <name>.debug_info</name>
         <load_address>0xa519</load_address>
         <run_address>0xa519</run_address>
         <size>0x210</size>
         <input_file_ref idref="fl-d9"/>
      </object_component>
      <object_component id="oc-2a1">
         <name>.debug_info</name>
         <load_address>0xa729</load_address>
         <run_address>0xa729</run_address>
         <size>0x3a3</size>
         <input_file_ref idref="fl-da"/>
      </object_component>
      <object_component id="oc-24b">
         <name>.debug_info</name>
         <load_address>0xaacc</load_address>
         <run_address>0xaacc</run_address>
         <size>0x20c</size>
         <input_file_ref idref="fl-da"/>
      </object_component>
      <object_component id="oc-2a7">
         <name>.debug_info</name>
         <load_address>0xacd8</load_address>
         <run_address>0xacd8</run_address>
         <size>0x377</size>
         <input_file_ref idref="fl-db"/>
      </object_component>
      <object_component id="oc-256">
         <name>.debug_info</name>
         <load_address>0xb04f</load_address>
         <run_address>0xb04f</run_address>
         <size>0x1fb</size>
         <input_file_ref idref="fl-db"/>
      </object_component>
      <object_component id="oc-2b5">
         <name>.debug_info</name>
         <load_address>0xb24a</load_address>
         <run_address>0xb24a</run_address>
         <size>0x3d5</size>
         <input_file_ref idref="fl-dc"/>
      </object_component>
      <object_component id="oc-26e">
         <name>.debug_info</name>
         <load_address>0xb61f</load_address>
         <run_address>0xb61f</run_address>
         <size>0x236</size>
         <input_file_ref idref="fl-dc"/>
      </object_component>
      <object_component id="oc-2ad">
         <name>.debug_info</name>
         <load_address>0xb855</load_address>
         <run_address>0xb855</run_address>
         <size>0x396</size>
         <input_file_ref idref="fl-dd"/>
      </object_component>
      <object_component id="oc-269">
         <name>.debug_info</name>
         <load_address>0xbbeb</load_address>
         <run_address>0xbbeb</run_address>
         <size>0x1c6</size>
         <input_file_ref idref="fl-dd"/>
      </object_component>
      <object_component id="oc-2a9">
         <name>.debug_info</name>
         <load_address>0xbdb1</load_address>
         <run_address>0xbdb1</run_address>
         <size>0x378</size>
         <input_file_ref idref="fl-de"/>
      </object_component>
      <object_component id="oc-25d">
         <name>.debug_info</name>
         <load_address>0xc129</load_address>
         <run_address>0xc129</run_address>
         <size>0x200</size>
         <input_file_ref idref="fl-de"/>
      </object_component>
      <object_component id="oc-2c9">
         <name>.debug_info</name>
         <load_address>0xc329</load_address>
         <run_address>0xc329</run_address>
         <size>0x2bb</size>
         <input_file_ref idref="fl-df"/>
      </object_component>
      <object_component id="oc-2c6">
         <name>.debug_info</name>
         <load_address>0xc5e4</load_address>
         <run_address>0xc5e4</run_address>
         <size>0x108</size>
         <input_file_ref idref="fl-df"/>
      </object_component>
      <object_component id="oc-295">
         <name>.debug_info</name>
         <load_address>0xc6ec</load_address>
         <run_address>0xc6ec</run_address>
         <size>0x1df</size>
         <input_file_ref idref="fl-df"/>
      </object_component>
      <object_component id="oc-29c">
         <name>.debug_info</name>
         <load_address>0xc8cb</load_address>
         <run_address>0xc8cb</run_address>
         <size>0x19a</size>
         <input_file_ref idref="fl-df"/>
      </object_component>
      <object_component id="oc-229">
         <name>.debug_info</name>
         <load_address>0xca65</load_address>
         <run_address>0xca65</run_address>
         <size>0x397</size>
         <input_file_ref idref="fl-e1"/>
      </object_component>
      <object_component id="oc-1f3">
         <name>.debug_info</name>
         <load_address>0xcdfc</load_address>
         <run_address>0xcdfc</run_address>
         <size>0x195</size>
         <input_file_ref idref="fl-e1"/>
      </object_component>
      <object_component id="oc-293">
         <name>.debug_info</name>
         <load_address>0xcf91</load_address>
         <run_address>0xcf91</run_address>
         <size>0x3a5</size>
         <input_file_ref idref="fl-e2"/>
      </object_component>
      <object_component id="oc-241">
         <name>.debug_info</name>
         <load_address>0xd336</load_address>
         <run_address>0xd336</run_address>
         <size>0x1f3</size>
         <input_file_ref idref="fl-e2"/>
      </object_component>
      <object_component id="oc-2f0">
         <name>.debug_info</name>
         <load_address>0xd529</load_address>
         <run_address>0xd529</run_address>
         <size>0x42c</size>
         <input_file_ref idref="fl-e3"/>
      </object_component>
      <object_component id="oc-2ea">
         <name>.debug_info</name>
         <load_address>0xd955</load_address>
         <run_address>0xd955</run_address>
         <size>0x192</size>
         <input_file_ref idref="fl-e3"/>
      </object_component>
      <object_component id="oc-2bc">
         <name>.debug_info</name>
         <load_address>0xdae7</load_address>
         <run_address>0xdae7</run_address>
         <size>0x1eb</size>
         <input_file_ref idref="fl-e3"/>
      </object_component>
      <object_component id="oc-2f3">
         <name>.debug_info</name>
         <load_address>0xdcd2</load_address>
         <run_address>0xdcd2</run_address>
         <size>0xea</size>
         <input_file_ref idref="fl-e3"/>
      </object_component>
      <object_component id="oc-30b">
         <name>.debug_info</name>
         <load_address>0xddbc</load_address>
         <run_address>0xddbc</run_address>
         <size>0x2c</size>
         <input_file_ref idref="fl-e3"/>
      </object_component>
      <object_component id="oc-2ff">
         <name>.debug_info</name>
         <load_address>0xdde8</load_address>
         <run_address>0xdde8</run_address>
         <size>0x29a</size>
         <input_file_ref idref="fl-e4"/>
      </object_component>
      <object_component id="oc-2e1">
         <name>.debug_info</name>
         <load_address>0xe082</load_address>
         <run_address>0xe082</run_address>
         <size>0x262</size>
         <input_file_ref idref="fl-e4"/>
      </object_component>
      <object_component id="oc-315">
         <name>.debug_info</name>
         <load_address>0xe2e4</load_address>
         <run_address>0xe2e4</run_address>
         <size>0x28a</size>
         <input_file_ref idref="fl-e5"/>
      </object_component>
      <object_component id="oc-306">
         <name>.debug_info</name>
         <load_address>0xe56e</load_address>
         <run_address>0xe56e</run_address>
         <size>0x273</size>
         <input_file_ref idref="fl-e5"/>
      </object_component>
      <object_component id="oc-2d8">
         <name>.debug_info</name>
         <load_address>0xe7e1</load_address>
         <run_address>0xe7e1</run_address>
         <size>0x2a4</size>
         <input_file_ref idref="fl-e6"/>
      </object_component>
      <object_component id="oc-2b1">
         <name>.debug_info</name>
         <load_address>0xea85</load_address>
         <run_address>0xea85</run_address>
         <size>0x24d</size>
         <input_file_ref idref="fl-e6"/>
      </object_component>
      <object_component id="oc-301">
         <name>.debug_info</name>
         <load_address>0xecd2</load_address>
         <run_address>0xecd2</run_address>
         <size>0x2af</size>
         <input_file_ref idref="fl-e7"/>
      </object_component>
      <object_component id="oc-2e4">
         <name>.debug_info</name>
         <load_address>0xef81</load_address>
         <run_address>0xef81</run_address>
         <size>0x277</size>
         <input_file_ref idref="fl-e7"/>
      </object_component>
      <object_component id="oc-2ba">
         <name>.debug_info</name>
         <load_address>0xf1f8</load_address>
         <run_address>0xf1f8</run_address>
         <size>0x3cf</size>
         <input_file_ref idref="fl-e9"/>
      </object_component>
      <object_component id="oc-289">
         <name>.debug_info</name>
         <load_address>0xf5c7</load_address>
         <run_address>0xf5c7</run_address>
         <size>0x195</size>
         <input_file_ref idref="fl-e9"/>
      </object_component>
      <object_component id="oc-2c2">
         <name>.debug_info</name>
         <load_address>0xf75c</load_address>
         <run_address>0xf75c</run_address>
         <size>0x3d1</size>
         <input_file_ref idref="fl-ea"/>
      </object_component>
      <object_component id="oc-28d">
         <name>.debug_info</name>
         <load_address>0xfb2d</load_address>
         <run_address>0xfb2d</run_address>
         <size>0x1a5</size>
         <input_file_ref idref="fl-ea"/>
      </object_component>
      <object_component id="oc-348">
         <name>.debug_info</name>
         <load_address>0xfcd2</load_address>
         <run_address>0xfcd2</run_address>
         <size>0xbf</size>
      </object_component>
      <object_component id="oc-16c">
         <name>.debug_line</name>
         <load_address>0x0</load_address>
         <run_address>0x0</run_address>
         <size>0x20</size>
         <input_file_ref idref="fl-2"/>
      </object_component>
      <object_component id="oc-db">
         <name>.debug_line</name>
         <load_address>0x20</load_address>
         <run_address>0x20</run_address>
         <size>0x18c</size>
         <input_file_ref idref="fl-2"/>
      </object_component>
      <object_component id="oc-12f">
         <name>.debug_line</name>
         <load_address>0x1ac</load_address>
         <run_address>0x1ac</run_address>
         <size>0x2d</size>
         <input_file_ref idref="fl-2"/>
      </object_component>
      <object_component id="oc-3c">
         <name>.debug_line</name>
         <load_address>0x1d9</load_address>
         <run_address>0x1d9</run_address>
         <size>0x20</size>
         <input_file_ref idref="fl-2"/>
      </object_component>
      <object_component id="oc-149">
         <name>.debug_line</name>
         <load_address>0x1f9</load_address>
         <run_address>0x1f9</run_address>
         <size>0x32</size>
         <input_file_ref idref="fl-2"/>
      </object_component>
      <object_component id="oc-a7">
         <name>.debug_line</name>
         <load_address>0x22b</load_address>
         <run_address>0x22b</run_address>
         <size>0xac</size>
         <input_file_ref idref="fl-3"/>
      </object_component>
      <object_component id="oc-129">
         <name>.debug_line</name>
         <load_address>0x2d7</load_address>
         <run_address>0x2d7</run_address>
         <size>0x20</size>
         <input_file_ref idref="fl-4"/>
      </object_component>
      <object_component id="oc-19e">
         <name>.debug_line</name>
         <load_address>0x2f7</load_address>
         <run_address>0x2f7</run_address>
         <size>0x30</size>
         <input_file_ref idref="fl-4"/>
      </object_component>
      <object_component id="oc-e7">
         <name>.debug_line</name>
         <load_address>0x327</load_address>
         <run_address>0x327</run_address>
         <size>0xf9</size>
         <input_file_ref idref="fl-4"/>
      </object_component>
      <object_component id="oc-7a">
         <name>.debug_line</name>
         <load_address>0x420</load_address>
         <run_address>0x420</run_address>
         <size>0x84</size>
         <input_file_ref idref="fl-4"/>
      </object_component>
      <object_component id="oc-c3">
         <name>.debug_line</name>
         <load_address>0x4a4</load_address>
         <run_address>0x4a4</run_address>
         <size>0x88</size>
         <input_file_ref idref="fl-4"/>
      </object_component>
      <object_component id="oc-7f">
         <name>.debug_line</name>
         <load_address>0x52c</load_address>
         <run_address>0x52c</run_address>
         <size>0x85</size>
         <input_file_ref idref="fl-4"/>
      </object_component>
      <object_component id="oc-76">
         <name>.debug_line</name>
         <load_address>0x5b1</load_address>
         <run_address>0x5b1</run_address>
         <size>0x41</size>
         <input_file_ref idref="fl-5"/>
      </object_component>
      <object_component id="oc-31">
         <name>.debug_line</name>
         <load_address>0x5f2</load_address>
         <run_address>0x5f2</run_address>
         <size>0x41</size>
         <input_file_ref idref="fl-5"/>
      </object_component>
      <object_component id="oc-2e">
         <name>.debug_line</name>
         <load_address>0x633</load_address>
         <run_address>0x633</run_address>
         <size>0xa1</size>
         <input_file_ref idref="fl-5"/>
      </object_component>
      <object_component id="oc-d3">
         <name>.debug_line</name>
         <load_address>0x6d4</load_address>
         <run_address>0x6d4</run_address>
         <size>0x92</size>
         <input_file_ref idref="fl-bf"/>
      </object_component>
      <object_component id="oc-4e">
         <name>.debug_line</name>
         <load_address>0x766</load_address>
         <run_address>0x766</run_address>
         <size>0x4c</size>
         <input_file_ref idref="fl-bf"/>
      </object_component>
      <object_component id="oc-93">
         <name>.debug_line</name>
         <load_address>0x7b2</load_address>
         <run_address>0x7b2</run_address>
         <size>0x34</size>
         <input_file_ref idref="fl-bf"/>
      </object_component>
      <object_component id="oc-d0">
         <name>.debug_line</name>
         <load_address>0x7e6</load_address>
         <run_address>0x7e6</run_address>
         <size>0x92</size>
         <input_file_ref idref="fl-bf"/>
      </object_component>
      <object_component id="oc-8e">
         <name>.debug_line</name>
         <load_address>0x878</load_address>
         <run_address>0x878</run_address>
         <size>0x20</size>
         <input_file_ref idref="fl-c0"/>
      </object_component>
      <object_component id="oc-1c">
         <name>.debug_line</name>
         <load_address>0x898</load_address>
         <run_address>0x898</run_address>
         <size>0x55</size>
         <input_file_ref idref="fl-c0"/>
      </object_component>
      <object_component id="oc-47">
         <name>.debug_line</name>
         <load_address>0x8ed</load_address>
         <run_address>0x8ed</run_address>
         <size>0x3a</size>
         <input_file_ref idref="fl-c0"/>
      </object_component>
      <object_component id="oc-8b">
         <name>.debug_line</name>
         <load_address>0x927</load_address>
         <run_address>0x927</run_address>
         <size>0x92</size>
         <input_file_ref idref="fl-c0"/>
      </object_component>
      <object_component id="oc-cc">
         <name>.debug_line</name>
         <load_address>0x9b9</load_address>
         <run_address>0x9b9</run_address>
         <size>0x20</size>
         <input_file_ref idref="fl-c1"/>
      </object_component>
      <object_component id="oc-18">
         <name>.debug_line</name>
         <load_address>0x9d9</load_address>
         <run_address>0x9d9</run_address>
         <size>0xa9</size>
         <input_file_ref idref="fl-c1"/>
      </object_component>
      <object_component id="oc-37">
         <name>.debug_line</name>
         <load_address>0xa82</load_address>
         <run_address>0xa82</run_address>
         <size>0x3a</size>
         <input_file_ref idref="fl-c1"/>
      </object_component>
      <object_component id="oc-c9">
         <name>.debug_line</name>
         <load_address>0xabc</load_address>
         <run_address>0xabc</run_address>
         <size>0x9a</size>
         <input_file_ref idref="fl-c1"/>
      </object_component>
      <object_component id="oc-84">
         <name>.debug_line</name>
         <load_address>0xb56</load_address>
         <run_address>0xb56</run_address>
         <size>0x96</size>
         <input_file_ref idref="fl-c1"/>
      </object_component>
      <object_component id="oc-197">
         <name>.debug_line</name>
         <load_address>0xbec</load_address>
         <run_address>0xbec</run_address>
         <size>0x103</size>
         <input_file_ref idref="fl-c2"/>
      </object_component>
      <object_component id="oc-df">
         <name>.debug_line</name>
         <load_address>0xcef</load_address>
         <run_address>0xcef</run_address>
         <size>0x42</size>
         <input_file_ref idref="fl-c2"/>
      </object_component>
      <object_component id="oc-19b">
         <name>.debug_line</name>
         <load_address>0xd31</load_address>
         <run_address>0xd31</run_address>
         <size>0x91</size>
         <input_file_ref idref="fl-c2"/>
      </object_component>
      <object_component id="oc-1df">
         <name>.debug_line</name>
         <load_address>0xdc2</load_address>
         <run_address>0xdc2</run_address>
         <size>0x2a</size>
         <input_file_ref idref="fl-c3"/>
      </object_component>
      <object_component id="oc-193">
         <name>.debug_line</name>
         <load_address>0xdec</load_address>
         <run_address>0xdec</run_address>
         <size>0x2a</size>
         <input_file_ref idref="fl-c3"/>
      </object_component>
      <object_component id="oc-1db">
         <name>.debug_line</name>
         <load_address>0xe16</load_address>
         <run_address>0xe16</run_address>
         <size>0x2a</size>
         <input_file_ref idref="fl-c3"/>
      </object_component>
      <object_component id="oc-6f">
         <name>.debug_line</name>
         <load_address>0xe40</load_address>
         <run_address>0xe40</run_address>
         <size>0x33</size>
         <input_file_ref idref="fl-c4"/>
      </object_component>
      <object_component id="oc-60">
         <name>.debug_line</name>
         <load_address>0xe73</load_address>
         <run_address>0xe73</run_address>
         <size>0x45</size>
         <input_file_ref idref="fl-c4"/>
      </object_component>
      <object_component id="oc-1dd">
         <name>.debug_line</name>
         <load_address>0xeb8</load_address>
         <run_address>0xeb8</run_address>
         <size>0x118</size>
         <input_file_ref idref="fl-c5"/>
      </object_component>
      <object_component id="oc-183">
         <name>.debug_line</name>
         <load_address>0xfd0</load_address>
         <run_address>0xfd0</run_address>
         <size>0x5c</size>
         <input_file_ref idref="fl-c5"/>
      </object_component>
      <object_component id="oc-13c">
         <name>.debug_line</name>
         <load_address>0x102c</load_address>
         <run_address>0x102c</run_address>
         <size>0x7d</size>
         <input_file_ref idref="fl-c5"/>
      </object_component>
      <object_component id="oc-1d9">
         <name>.debug_line</name>
         <load_address>0x10a9</load_address>
         <run_address>0x10a9</run_address>
         <size>0x189</size>
         <input_file_ref idref="fl-c6"/>
      </object_component>
      <object_component id="oc-132">
         <name>.debug_line</name>
         <load_address>0x1232</load_address>
         <run_address>0x1232</run_address>
         <size>0xe0</size>
         <input_file_ref idref="fl-c6"/>
      </object_component>
      <object_component id="oc-211">
         <name>.debug_line</name>
         <load_address>0x1312</load_address>
         <run_address>0x1312</run_address>
         <size>0x91</size>
         <input_file_ref idref="fl-c7"/>
      </object_component>
      <object_component id="oc-16e">
         <name>.debug_line</name>
         <load_address>0x13a3</load_address>
         <run_address>0x13a3</run_address>
         <size>0x6e</size>
         <input_file_ref idref="fl-c7"/>
      </object_component>
      <object_component id="oc-20e">
         <name>.debug_line</name>
         <load_address>0x1411</load_address>
         <run_address>0x1411</run_address>
         <size>0x91</size>
         <input_file_ref idref="fl-c7"/>
      </object_component>
      <object_component id="oc-248">
         <name>.debug_line</name>
         <load_address>0x14a2</load_address>
         <run_address>0x14a2</run_address>
         <size>0x110</size>
         <input_file_ref idref="fl-c8"/>
      </object_component>
      <object_component id="oc-1c7">
         <name>.debug_line</name>
         <load_address>0x15b2</load_address>
         <run_address>0x15b2</run_address>
         <size>0xa1</size>
         <input_file_ref idref="fl-c8"/>
      </object_component>
      <object_component id="oc-42">
         <name>.debug_line</name>
         <load_address>0x1653</load_address>
         <run_address>0x1653</run_address>
         <size>0x88</size>
         <input_file_ref idref="fl-c9"/>
      </object_component>
      <object_component id="oc-1ae">
         <name>.debug_line</name>
         <load_address>0x16db</load_address>
         <run_address>0x16db</run_address>
         <size>0xbf</size>
         <input_file_ref idref="fl-cb"/>
      </object_component>
      <object_component id="oc-fb">
         <name>.debug_line</name>
         <load_address>0x179a</load_address>
         <run_address>0x179a</run_address>
         <size>0x6f</size>
         <input_file_ref idref="fl-cb"/>
      </object_component>
      <object_component id="oc-1b2">
         <name>.debug_line</name>
         <load_address>0x1809</load_address>
         <run_address>0x1809</run_address>
         <size>0x2e</size>
         <input_file_ref idref="fl-cb"/>
      </object_component>
      <object_component id="oc-1e6">
         <name>.debug_line</name>
         <load_address>0x1837</load_address>
         <run_address>0x1837</run_address>
         <size>0x9a</size>
         <input_file_ref idref="fl-cb"/>
      </object_component>
      <object_component id="oc-1b7">
         <name>.debug_line</name>
         <load_address>0x18d1</load_address>
         <run_address>0x18d1</run_address>
         <size>0x97</size>
         <input_file_ref idref="fl-cb"/>
      </object_component>
      <object_component id="oc-1bc">
         <name>.debug_line</name>
         <load_address>0x1968</load_address>
         <run_address>0x1968</run_address>
         <size>0x93</size>
         <input_file_ref idref="fl-cb"/>
      </object_component>
      <object_component id="oc-9d">
         <name>.debug_line</name>
         <load_address>0x19fb</load_address>
         <run_address>0x19fb</run_address>
         <size>0x40</size>
         <input_file_ref idref="fl-cc"/>
      </object_component>
      <object_component id="oc-1ac">
         <name>.debug_line</name>
         <load_address>0x1a3b</load_address>
         <run_address>0x1a3b</run_address>
         <size>0x102</size>
         <input_file_ref idref="fl-ce"/>
      </object_component>
      <object_component id="oc-1a0">
         <name>.debug_line</name>
         <load_address>0x1b3d</load_address>
         <run_address>0x1b3d</run_address>
         <size>0x2a</size>
         <input_file_ref idref="fl-ce"/>
      </object_component>
      <object_component id="oc-ed">
         <name>.debug_line</name>
         <load_address>0x1b67</load_address>
         <run_address>0x1b67</run_address>
         <size>0x3c</size>
         <input_file_ref idref="fl-ce"/>
      </object_component>
      <object_component id="oc-f2">
         <name>.debug_line</name>
         <load_address>0x1ba3</load_address>
         <run_address>0x1ba3</run_address>
         <size>0x58</size>
         <input_file_ref idref="fl-ce"/>
      </object_component>
      <object_component id="oc-1e2">
         <name>.debug_line</name>
         <load_address>0x1bfb</load_address>
         <run_address>0x1bfb</run_address>
[...]
               <size>0x26c</size>
               <logical_group_ref idref="lg-3"/>
            </allocated_space>
            <allocated_space>
               <start_address>0x26c</start_address>
               <size>0x1908</size>
               <logical_group_ref idref="lg-4"/>
            </allocated_space>
            <allocated_space>
               <start_address>0x1b74</start_address>
               <size>0x146</size>
               <logical_group_ref idref="lg-5"/>
            </allocated_space>
            <available_space>
               <start_address>0x1cba</start_address>
               <size>0x6</size>
            </available_space>
            <allocated_space>
               <start_address>0x1cc0</start_address>
               <size>0x90</size>
               <logical_group_ref idref="lg-6"/>
            </allocated_space>
            <available_space>
               <start_address>0x1d50</start_address>
               <size>0x3e2b0</size>
            </available_space>
         </usage_details>
      </memory_area>
      <memory_area display="yes" color="green">
         <name>SRAM</name>
         <page_id>0x0</page_id>
         <origin>0x20000000</origin>
         <length>0x8000</length>
         <used_space>0x5c0</used_space>
         <unused_space>0x7a40</unused_space>
         <attributes>RWX</attributes>
         <usage_details>
            <allocated_space>
               <start_address>0x20000000</start_address>
               <size>0x0</size>
               <logical_group_ref idref="lg-31a"/>
            </allocated_space>
            <allocated_space>
               <start_address>0x20000000</start_address>
               <size>0x200</size>
               <logical_group_ref idref="lg-d"/>
            </allocated_space>
            <allocated_space>
               <start_address>0x20000200</start_address>
               <size>0x1e8</size>
               <logical_group_ref idref="lg-a"/>
            </allocated_space>
            <allocated_space>
               <start_address>0x200003e8</start_address>
               <size>0x1c8</size>
               <logical_group_ref idref="lg-b"/>
            </allocated_space>
            <allocated_space>
               <start_address>0x200005b0</start_address>
               <size>0x10</size>
               <logical_group_ref idref="lg-c"/>
            </allocated_space>
            <available_space>
               <start_address>0x200005c0</start_address>
               <size>0x7a40</size>
            </available_space>
         </usage_details>
      </memory_area>
   </placement_map>
   <cptbl_list>
      <cptbl>
         <name>__TI_cinit_table</name>
         <cprec>
            <name>.data</name>
            <load_address>0x1cc0</load_address>
            <load_size>0x68</load_size>
            <run_address>0x20000200</run_address>
            <run_size>0x1e8</run_size>
            <compression>lzss</compression>
         </cprec>
         <cprec>
            <name>.bss</name>
            <load_address>0x1d38</load_address>
            <load_size>0x8</load_size>
            <run_address>0x200003e8</run_address>
            <run_size>0x1c8</run_size>
            <compression>zero_init</compression>
         </cprec>
      </cptbl>
   </cptbl_list>
   <handler_table>
      <handler_table_name>__TI_handler_table</handler_table_name>
      <handler>
         <index>0x0</index>
         <name>__TI_decompress_lzss</name>
      </handler>
      <handler>
         <index>0x1</index>
         <name>__TI_decompress_none</name>
      </handler>
      <handler>
         <index>0x2</index>
         <name>__TI_zero_init</name>
      </handler>
   </handler_table>
   <symbol_table>
      <symbol id="sm-1">
         <name>__STACK_TOP</name>
         <value>0x20000200</value>
      </symbol>
      <symbol id="sm-2">
         <name>__start___llvm_prf_cnts</name>
         <value>0x20000000</value>
      </symbol>
      <symbol id="sm-3">
         <name>__stop___llvm_prf_cnts</name>
         <value>0x20000000</value>
      </symbol>
      <symbol id="sm-4">
         <name>__TI_CINIT_Base</name>
         <value>0x1d40</value>
      </symbol>
      <symbol id="sm-5">
         <name>__TI_CINIT_Limit</name>
         <value>0x1d50</value>
      </symbol>
      <symbol id="sm-6">
         <name>__TI_Handler_Table_Base</name>
         <value>0x1d28</value>
      </symbol>
      <symbol id="sm-7">
         <name>__TI_Handler_Table_Limit</name>
         <value>0x1d34</value>
      </symbol>
      <symbol id="sm-8">
         <name>binit</name>
         <value>0xffffffff</value>
      </symbol>
      <symbol id="sm-9">
         <name>__binit__</name>
         <value>0xffffffff</value>
      </symbol>
      <symbol id="sm-a">
         <name>__STACK_SIZE</name>
         <value>0x200</value>
      </symbol>
      <symbol id="sm-b">
         <name>__STACK_END</name>
         <value>0x20000200</value>
      </symbol>
      <symbol id="sm-c">
         <name>__SYSMEM_SIZE</name>
         <value>0x10</value>
      </symbol>
      <symbol id="sm-d">
         <name>__c_args__</name>
         <value>0xffffffff</value>
      </symbol>
      <symbol id="sm-e">
         <name>__TI_pprof_out_hndl</name>
         <value>0xffffffff</value>
      </symbol>
      <symbol id="sm-f">
         <name>__TI_prof_data_start</name>
         <value>0xffffffff</value>
      </symbol>
      <symbol id="sm-10">
         <name>__TI_prof_data_size</name>
         <value>0xffffffff</value>
      </symbol>
      <symbol id="sm-81">
         <name>NVIC_DisableException</name>
         <value>0xb33</value>
         <object_component_ref idref="oc-d6"/>
      </symbol>
      <symbol id="sm-82">
         <name>NVIC_SetPriorityIRQ</name>
         <value>0xa2d</value>
         <object_component_ref idref="oc-d6"/>
      </symbol>
      <symbol id="sm-83">
         <name>blink</name>
         <value>0x909</value>
         <object_component_ref idref="oc-d6"/>
      </symbol>
      <symbol id="sm-84">
         <name>NVIC_EnableException</name>
         <value>0xaa7</value>
         <object_component_ref idref="oc-d6"/>
      </symbol>
      <symbol id="sm-85">
         <name>NVIC_SetPriorityException</name>
         <value>0xbd9</value>
         <object_component_ref idref="oc-d6"/>
      </symbol>
      <symbol id="sm-86">
         <name>NVIC_DisableIRQ</name>
         <value>0x9db</value>
         <object_component_ref idref="oc-d6"/>
      </symbol>
      <symbol id="sm-87">
         <name>NVIC_EnableIRQ</name>
         <value>0x989</value>
         <object_component_ref idref="oc-d6"/>
      </symbol>
      <symbol id="sm-da">
         <name>Test_Exceptions_Settings</name>
         <value>0x2c5</value>
         <object_component_ref idref="oc-a2"/>
      </symbol>
      <symbol id="sm-db">
         <name>Leds_Init</name>
         <value>0x26d</value>
         <object_component_ref idref="oc-a2"/>
      </symbol>
      <symbol id="sm-dc">
         <name>main</name>
         <value>0x891</value>
         <object_component_ref idref="oc-a2"/>
      </symbol>
      <symbol id="sm-10c">
         <name>SysTick_Handler</name>
         <value>0x112f</value>
         <object_component_ref idref="oc-e3"/>
      </symbol>
      <symbol id="sm-10d">
         <name>SysTick_Stop</name>
         <value>0x114f</value>
         <object_component_ref idref="oc-e3"/>
      </symbol>
      <symbol id="sm-10e">
         <name>SysTick_DeInit</name>
         <value>0x1169</value>
         <object_component_ref idref="oc-e3"/>
      </symbol>
      <symbol id="sm-10f">
         <name>SysTick_StartBusyWait</name>
         <value>0x10ff</value>
         <object_component_ref idref="oc-e3"/>
      </symbol>
      <symbol id="sm-110">
         <name>Ptr2Func</name>
         <value>0x200003e4</value>
         <object_component_ref idref="oc-142"/>
      </symbol>
      <symbol id="sm-111">
         <name>SysTick_Start</name>
         <value>0x115d</value>
         <object_component_ref idref="oc-e3"/>
      </symbol>
      <symbol id="sm-112">
         <name>SysTick_SetCallBack</name>
         <value>0x113f</value>
         <object_component_ref idref="oc-e3"/>
      </symbol>
      <symbol id="sm-113">
         <name>SysTick_Init</name>
         <value>0x10c9</value>
         <object_component_ref idref="oc-e3"/>
      </symbol>
      <symbol id="sm-12f">
         <name>ResetISR</name>
         <value>0x1b59</value>
         <object_component_ref idref="oc-2a"/>
      </symbol>
      <symbol id="sm-130">
         <name>g_pfnVectors</name>
         <value>0x0</value>
         <object_component_ref idref="oc-12"/>
      </symbol>
      <symbol id="sm-149">
         <name>__TI_zero_init_nomemset</name>
         <value>0x1abd</value>
         <object_component_ref idref="oc-4a"/>
      </symbol>
      <symbol id="sm-160">
         <name>__TI_decompress_none</name>
         <value>0x1b4b</value>
         <object_component_ref idref="oc-1b"/>
      </symbol>
      <symbol id="sm-183">
         <name>__TI_decompress_lzss</name>
         <value>0x1461</value>
         <object_component_ref idref="oc-15"/>
      </symbol>
      <symbol id="sm-197">
         <name>_abort_msg</name>
         <value>0x1aa1</value>
         <object_component_ref idref="oc-dc"/>
      </symbol>
      <symbol id="sm-1ac">
         <name>__TI_tmpnams</name>
         <value>0x20000508</value>
      </symbol>
      <symbol id="sm-1ad">
         <name>__aeabi_stdout</name>
         <value>0x200003c0</value>
         <object_component_ref idref="oc-18d"/>
      </symbol>
      <symbol id="sm-1ae">
         <name>__aeabi_stderr</name>
         <value>0x200003c4</value>
         <object_component_ref idref="oc-18d"/>
      </symbol>
      <symbol id="sm-1af">
         <name>__aeabi_stdin</name>
         <value>0x200003bc</value>
         <object_component_ref idref="oc-18d"/>
      </symbol>
      <symbol id="sm-1b0">
         <name>_ftable</name>
         <value>0x20000200</value>
         <object_component_ref idref="oc-13d"/>
      </symbol>
      <symbol id="sm-1b1">
         <name>__TI_ft_end</name>
         <value>0x200003b8</value>
         <object_component_ref idref="oc-18d"/>
      </symbol>
      <symbol id="sm-1c4">
         <name>__stack</name>
         <value>0x20000000</value>
         <object_component_ref idref="oc-24"/>
      </symbol>
      <symbol id="sm-1c5">
         <name>_c_int00_noargs</name>
         <value>0x1979</value>
         <object_component_ref idref="oc-5c"/>
      </symbol>
      <symbol id="sm-1e6">
         <name>__TI_doflush</name>
         <value>0x16fd</value>
         <object_component_ref idref="oc-17f"/>
      </symbol>
      <symbol id="sm-1e7">
         <name>fflush</name>
         <value>0x122d</value>
         <object_component_ref idref="oc-137"/>
      </symbol>
      <symbol id="sm-205">
         <name>fputs</name>
         <value>0xcf5</value>
         <object_component_ref idref="oc-131"/>
      </symbol>
      <symbol id="sm-21d">
         <name>__TI_wrt_ok</name>
         <value>0x152d</value>
         <object_component_ref idref="oc-16d"/>
      </symbol>
      <symbol id="sm-239">
         <name>setvbuf</name>
         <value>0xfed</value>
         <object_component_ref idref="oc-1c6"/>
      </symbol>
      <symbol id="sm-254">
         <name>memcpy</name>
         <value>0x1191</value>
         <object_component_ref idref="oc-3e"/>
      </symbol>
      <symbol id="sm-255">
         <name>__aeabi_memcpy</name>
         <value>0x1191</value>
         <object_component_ref idref="oc-3e"/>
      </symbol>
      <symbol id="sm-256">
         <name>__aeabi_memcpy8</name>
         <value>0x1191</value>
         <object_component_ref idref="oc-3e"/>
      </symbol>
      <symbol id="sm-257">
         <name>__aeabi_memcpy4</name>
         <value>0x1191</value>
         <object_component_ref idref="oc-3e"/>
      </symbol>
      <symbol id="sm-280">
         <name>__TI_auto_init_nobinit_nopinit</name>
         <value>0x1819</value>
         <object_component_ref idref="oc-f6"/>
      </symbol>
      <symbol id="sm-28a">
         <name>_system_pre_init</name>
         <value>0x1b6d</value>
         <object_component_ref idref="oc-9c"/>
      </symbol>
      <symbol id="sm-2b1">
         <name>C$$EXIT</name>
         <value>0x1b71</value>
         <object_component_ref idref="oc-ea"/>
      </symbol>
      <symbol id="sm-2b2">
         <name>abort</name>
         <value>0x1b71</value>
         <object_component_ref idref="oc-ea"/>
      </symbol>
      <symbol id="sm-2b3">
         <name>__TI_dtors_ptr</name>
         <value>0x200003cc</value>
         <object_component_ref idref="oc-14c"/>
      </symbol>
      <symbol id="sm-2b4">
         <name>__TI_cleanup_ptr</name>
         <value>0x200003c8</value>
         <object_component_ref idref="oc-14c"/>
      </symbol>
      <symbol id="sm-2b5">
         <name>__TI_enable_exit_profile_output</name>
         <value>0x200003d0</value>
         <object_component_ref idref="oc-14c"/>
      </symbol>
      <symbol id="sm-2b6">
         <name>exit</name>
         <value>0x1749</value>
         <object_component_ref idref="oc-f0"/>
      </symbol>
      <symbol id="sm-2cb">
         <name>_nop</name>
         <value>0x158f</value>
         <object_component_ref idref="oc-1a1"/>
      </symbol>
      <symbol id="sm-2cc">
         <name>_lock</name>
         <value>0x200003d4</value>
         <object_component_ref idref="oc-14f"/>
      </symbol>
      <symbol id="sm-2cd">
         <name>_unlock</name>
         <value>0x200003d8</value>
         <object_component_ref idref="oc-14f"/>
      </symbol>
      <symbol id="sm-2de">
         <name>memchr</name>
         <value>0x1a81</value>
         <object_component_ref idref="oc-179"/>
      </symbol>
      <symbol id="sm-367">
         <name>_sys_memory</name>
         <value>0x200005b0</value>
         <object_component_ref idref="oc-27"/>
      </symbol>
      <symbol id="sm-368">
         <name>free</name>
         <value>0xf09</value>
         <object_component_ref idref="oc-1f7"/>
      </symbol>
      <symbol id="sm-369">
         <name>memalign</name>
         <value>0xe09</value>
         <object_component_ref idref="oc-239"/>
      </symbol>
      <symbol id="sm-36a">
         <name>malloc</name>
         <value>0x1b65</value>
         <object_component_ref idref="oc-1fd"/>
      </symbol>
      <symbol id="sm-36b">
         <name>aligned_alloc</name>
         <value>0xe09</value>
         <object_component_ref idref="oc-239"/>
      </symbol>
      <symbol id="sm-379">
         <name>strlen</name>
         <value>0x1b37</value>
         <object_component_ref idref="oc-173"/>
      </symbol>
      <symbol id="sm-393">
         <name>write</name>
         <value>0x1a59</value>
         <object_component_ref idref="oc-185"/>
      </symbol>
      <symbol id="sm-3a4">
         <name>_stream</name>
         <value>0x20000368</value>
         <object_component_ref idref="oc-1d3"/>
      </symbol>
      <symbol id="sm-3a5">
         <name>_device</name>
         <value>0x200002f0</value>
         <object_component_ref idref="oc-216"/>
      </symbol>
      <symbol id="sm-3b5">
         <name>__TI_cleanup</name>
         <value>0x1911</value>
         <object_component_ref idref="oc-203"/>
      </symbol>
      <symbol id="sm-3c7">
         <name>fseek</name>
         <value>0x14c9</value>
         <object_component_ref idref="oc-1c0"/>
      </symbol>
      <symbol id="sm-3d8">
         <name>HOSTclose</name>
         <value>0x1791</value>
         <object_component_ref idref="oc-24f"/>
      </symbol>
      <symbol id="sm-3e9">
         <name>HOSTlseek</name>
         <value>0x13f9</value>
         <object_component_ref idref="oc-261"/>
      </symbol>
      <symbol id="sm-3fb">
         <name>parmbuf</name>
         <value>0x200005a8</value>
      </symbol>
      <symbol id="sm-3fc">
         <name>HOSTopen</name>
         <value>0x1591</value>
         <object_component_ref idref="oc-249"/>
      </symbol>
      <symbol id="sm-40d">
         <name>HOSTread</name>
         <value>0x164d</value>
         <object_component_ref idref="oc-255"/>
      </symbol>
      <symbol id="sm-41e">
         <name>HOSTrename</name>
         <value>0x138d</value>
         <object_component_ref idref="oc-26d"/>
      </symbol>
      <symbol id="sm-42f">
         <name>HOSTunlink</name>
         <value>0x17d5</value>
         <object_component_ref idref="oc-267"/>
      </symbol>
      <symbol id="sm-440">
         <name>HOSTwrite</name>
         <value>0x16a5</value>
         <object_component_ref idref="oc-25b"/>
      </symbol>
      <symbol id="sm-464">
         <name>__TI_readmsg</name>
         <value>0x1945</value>
         <object_component_ref idref="oc-29a"/>
      </symbol>
      <symbol id="sm-465">
         <name>C$$IO$$</name>
         <value>0x18cf</value>
         <object_component_ref idref="oc-294"/>
      </symbol>
      <symbol id="sm-466">
         <name>__CIOBUF_</name>
         <value>0x200003e8</value>
         <object_component_ref idref="oc-2c5"/>
      </symbol>
      <symbol id="sm-467">
         <name>__TI_writemsg</name>
         <value>0x18a1</value>
         <object_component_ref idref="oc-294"/>
      </symbol>
      <symbol id="sm-478">
         <name>lseek</name>
         <value>0x1a31</value>
         <object_component_ref idref="oc-1ef"/>
      </symbol>
      <symbol id="sm-48d">
         <name>__TI_closefile</name>
         <value>0x12a9</value>
         <object_component_ref idref="oc-240"/>
      </symbol>
      <symbol id="sm-4b5">
         <name>finddevice</name>
         <value>0x19ad</value>
         <object_component_ref idref="oc-2e9"/>
      </symbol>
      <symbol id="sm-4b6">
         <name>getdevice</name>
         <value>0x185d</value>
         <object_component_ref idref="oc-2bb"/>
      </symbol>
      <symbol id="sm-4c6">
         <name>strchr</name>
         <value>0x1b0d</value>
         <object_component_ref idref="oc-2dd"/>
      </symbol>
      <symbol id="sm-4d5">
         <name>strcmp</name>
         <value>0x1af5</value>
         <object_component_ref idref="oc-302"/>
      </symbol>
      <symbol id="sm-4e3">
         <name>strcpy</name>
         <value>0x1b23</value>
         <object_component_ref idref="oc-2ae"/>
      </symbol>
      <symbol id="sm-4f3">
         <name>strncpy</name>
         <value>0x18d9</value>
         <object_component_ref idref="oc-2e3"/>
      </symbol>
      <symbol id="sm-508">
         <name>close</name>
         <value>0x15f1</value>
         <object_component_ref idref="oc-285"/>
      </symbol>
      <symbol id="sm-518">
         <name>unlink</name>
         <value>0x19dd</value>
         <object_component_ref idref="oc-28b"/>
      </symbol>
      <symbol id="sm-519">
         <name>__TI_static_base__</name>
         <value>0x0</value>
      </symbol>
      <symbol id="sm-51c">
         <name>__mpu_init</name>
         <value>0x0</value>
      </symbol>
      <symbol id="sm-51d">
         <name>_system_post_cinit</name>
         <value>0x0</value>
      </symbol>
      <symbol id="sm-51e">
         <name>remove</name>
         <value>0x19dd</value>
      </symbol>
   </symbol_table>
   <title>Link successful</title>
</link_info>
